C:/TouchGFXProjects/ADC_746_2ch/Core/Src/main.c:1120:6:StartAdcCurrentTask	1
C:/TouchGFXProjects/ADC_746_2ch/Core/Src/main.c:1156:6:StartAdcVoltageTask	1
C:/TouchGFXProjects/ADC_746_2ch/Core/Src/main.c:1193:6:StartSDTask	10
C:/TouchGFXProjects/ADC_746_2ch/Core/Src/main.c:203:1:__io_putchar	1
C:/TouchGFXProjects/ADC_746_2ch/Core/Src/main.c:217:5:map	1
C:/TouchGFXProjects/ADC_746_2ch/Core/Src/main.c:398:6:SystemClock_Config	1
C:/TouchGFXProjects/ADC_746_2ch/Core/Src/main.c:243:5:main	3
C:/TouchGFXProjects/ADC_746_2ch/Core/Src/main.c:1298:6:HAL_TIM_PeriodElapsedCallback	2
C:/TouchGFXProjects/ADC_746_2ch/Core/Src/main.c:1315:6:Error_Handler	1
