C:/TouchGFXProjects/ADC_746_2ch/Core/Src/main.c:1077:6:StartDefaultTask	6
C:/TouchGFXProjects/ADC_746_2ch/Core/Src/main.c:1139:6:StartAdcCurrentTask	1
C:/TouchGFXProjects/ADC_746_2ch/Core/Src/main.c:1175:6:StartAdcVoltageTask	1
C:/TouchGFXProjects/ADC_746_2ch/Core/Src/main.c:185:1:__io_putchar	1
C:/TouchGFXProjects/ADC_746_2ch/Core/Src/main.c:199:5:map	1
C:/TouchGFXProjects/ADC_746_2ch/Core/Src/main.c:375:6:SystemClock_Config	1
C:/TouchGFXProjects/ADC_746_2ch/Core/Src/main.c:225:5:main	3
C:/TouchGFXProjects/ADC_746_2ch/Core/Src/main.c:1248:6:HAL_TIM_PeriodElapsedCallback	2
C:/TouchGFXProjects/ADC_746_2ch/Core/Src/main.c:1265:6:Error_Handler	1
