C:/TouchGFXProjects/ADC_746_2ch/Core/Src/main.c:996:6:StartDefaultTask	8	static
C:/TouchGFXProjects/ADC_746_2ch/Core/Src/main.c:148:1:__io_putchar	16	static
C:/TouchGFXProjects/ADC_746_2ch/Core/Src/main.c:314:6:SystemClock_Config	88	static
C:/TouchGFXProjects/ADC_746_2ch/Core/Src/main.c:180:5:main	128	static,ignoring_inline_asm
C:/TouchGFXProjects/ADC_746_2ch/Core/Src/main.c:1097:6:HAL_TIM_PeriodElapsedCallback	0	static
C:/TouchGFXProjects/ADC_746_2ch/Core/Src/main.c:1114:6:Error_Handler	0	static
