C:/TouchGFXProjects/ADC_746_2ch/Core/Src/stm32f7xx_hal_msp.c:65:6:HAL_MspInit	8	static
C:/TouchGFXProjects/ADC_746_2ch/Core/Src/stm32f7xx_hal_msp.c:89:6:HAL_ADC_MspInit	40	static
C:/TouchGFXProjects/ADC_746_2ch/Core/Src/stm32f7xx_hal_msp.c:129:6:HAL_ADC_MspDeInit	8	static
C:/TouchGFXProjects/ADC_746_2ch/Core/Src/stm32f7xx_hal_msp.c:160:6:HAL_CRC_MspInit	8	static
C:/TouchGFXProjects/ADC_746_2ch/Core/Src/stm32f7xx_hal_msp.c:182:6:HAL_CRC_MspDeInit	0	static
C:/TouchGFXProjects/ADC_746_2ch/Core/Src/stm32f7xx_hal_msp.c:204:6:HAL_DMA2D_MspInit	16	static
C:/TouchGFXProjects/ADC_746_2ch/Core/Src/stm32f7xx_hal_msp.c:229:6:HAL_DMA2D_MspDeInit	0	static
C:/TouchGFXProjects/ADC_746_2ch/Core/Src/stm32f7xx_hal_msp.c:254:6:HAL_I2C_MspInit	168	static
C:/TouchGFXProjects/ADC_746_2ch/Core/Src/stm32f7xx_hal_msp.c:300:6:HAL_I2C_MspDeInit	8	static
C:/TouchGFXProjects/ADC_746_2ch/Core/Src/stm32f7xx_hal_msp.c:331:6:HAL_LTDC_MspInit	192	static
C:/TouchGFXProjects/ADC_746_2ch/Core/Src/stm32f7xx_hal_msp.c:448:6:HAL_LTDC_MspDeInit	8	static
C:/TouchGFXProjects/ADC_746_2ch/Core/Src/stm32f7xx_hal_msp.c:517:6:HAL_QSPI_MspInit	64	static
C:/TouchGFXProjects/ADC_746_2ch/Core/Src/stm32f7xx_hal_msp.c:580:6:HAL_QSPI_MspDeInit	8	static
C:/TouchGFXProjects/ADC_746_2ch/Core/Src/stm32f7xx_hal_msp.c:617:6:HAL_RTC_MspInit	144	static
C:/TouchGFXProjects/ADC_746_2ch/Core/Src/stm32f7xx_hal_msp.c:650:6:HAL_RTC_MspDeInit	0	static
C:/TouchGFXProjects/ADC_746_2ch/Core/Src/stm32f7xx_hal_msp.c:672:6:HAL_UART_MspInit	192	static
C:/TouchGFXProjects/ADC_746_2ch/Core/Src/stm32f7xx_hal_msp.c:727:6:HAL_UART_MspDeInit	8	static
C:/TouchGFXProjects/ADC_746_2ch/Core/Src/stm32f7xx_hal_msp.c:860:6:HAL_SDRAM_MspInit	48	static
C:/TouchGFXProjects/ADC_746_2ch/Core/Src/stm32f7xx_hal_msp.c:946:6:HAL_SDRAM_MspDeInit	8	static
