C:/TouchGFXProjects/ADC_746_2ch/Core/Src/stm32f7xx_hal_msp.c:68:6:HAL_MspInit	8	static
C:/TouchGFXProjects/ADC_746_2ch/Core/Src/stm32f7xx_hal_msp.c:92:6:HAL_ADC_MspInit	40	static
C:/TouchGFXProjects/ADC_746_2ch/Core/Src/stm32f7xx_hal_msp.c:132:6:HAL_ADC_MspDeInit	8	static
C:/TouchGFXProjects/ADC_746_2ch/Core/Src/stm32f7xx_hal_msp.c:163:6:HAL_CRC_MspInit	8	static
C:/TouchGFXProjects/ADC_746_2ch/Core/Src/stm32f7xx_hal_msp.c:185:6:HAL_CRC_MspDeInit	0	static
C:/TouchGFXProjects/ADC_746_2ch/Core/Src/stm32f7xx_hal_msp.c:207:6:HAL_DMA2D_MspInit	16	static
C:/TouchGFXProjects/ADC_746_2ch/Core/Src/stm32f7xx_hal_msp.c:232:6:HAL_DMA2D_MspDeInit	0	static
C:/TouchGFXProjects/ADC_746_2ch/Core/Src/stm32f7xx_hal_msp.c:257:6:HAL_I2C_MspInit	168	static
C:/TouchGFXProjects/ADC_746_2ch/Core/Src/stm32f7xx_hal_msp.c:303:6:HAL_I2C_MspDeInit	8	static
C:/TouchGFXProjects/ADC_746_2ch/Core/Src/stm32f7xx_hal_msp.c:334:6:HAL_LTDC_MspInit	192	static
C:/TouchGFXProjects/ADC_746_2ch/Core/Src/stm32f7xx_hal_msp.c:451:6:HAL_LTDC_MspDeInit	8	static
C:/TouchGFXProjects/ADC_746_2ch/Core/Src/stm32f7xx_hal_msp.c:520:6:HAL_QSPI_MspInit	64	static
C:/TouchGFXProjects/ADC_746_2ch/Core/Src/stm32f7xx_hal_msp.c:583:6:HAL_QSPI_MspDeInit	8	static
C:/TouchGFXProjects/ADC_746_2ch/Core/Src/stm32f7xx_hal_msp.c:620:6:HAL_RTC_MspInit	144	static
C:/TouchGFXProjects/ADC_746_2ch/Core/Src/stm32f7xx_hal_msp.c:653:6:HAL_RTC_MspDeInit	0	static
C:/TouchGFXProjects/ADC_746_2ch/Core/Src/stm32f7xx_hal_msp.c:675:6:HAL_SD_MspInit	200	static
C:/TouchGFXProjects/ADC_746_2ch/Core/Src/stm32f7xx_hal_msp.c:782:6:HAL_SD_MspDeInit	8	static
C:/TouchGFXProjects/ADC_746_2ch/Core/Src/stm32f7xx_hal_msp.c:824:6:HAL_UART_MspInit	192	static
C:/TouchGFXProjects/ADC_746_2ch/Core/Src/stm32f7xx_hal_msp.c:879:6:HAL_UART_MspDeInit	8	static
C:/TouchGFXProjects/ADC_746_2ch/Core/Src/stm32f7xx_hal_msp.c:1012:6:HAL_SDRAM_MspInit	48	static
C:/TouchGFXProjects/ADC_746_2ch/Core/Src/stm32f7xx_hal_msp.c:1098:6:HAL_SDRAM_MspDeInit	8	static
