C:/TouchGFXProjects/ADC_746_2ch/TouchGFX/gui/src/model/Model.cpp:25:11:float map(float, float, float, float, float)	0	static
C:/TouchGFXProjects/ADC_746_2ch/TouchGFX/gui/src/model/Model.cpp:32:1:Model::Model()	8	static
C:/TouchGFXProjects/ADC_746_2ch/TouchGFX/gui/src/model/Model.cpp:37:7:float Model::adcReadVoltage()	56	static
C:/TouchGFXProjects/ADC_746_2ch/TouchGFX/gui/src/model/Model.cpp:64:7:float Model::adcReadCurrent()	56	static
C:/TouchGFXProjects/ADC_746_2ch/TouchGFX/gui/src/model/Model.cpp:92:6:void Model::tick()	48	static
