C:/TouchGFXProjects/ADC_746_2ch/TouchGFX/gui/src/model/Model.cpp:48:1:Model::Model()	8	static
C:/TouchGFXProjects/ADC_746_2ch/TouchGFX/gui/src/model/Model.cpp:53:7:float Model::mapFloat(float, float, float, float, float)	0	static
C:/TouchGFXProjects/ADC_746_2ch/TouchGFX/gui/src/model/Model.cpp:58:9:uint8_t Model::rtcSeconds()	16	static
C:/TouchGFXProjects/ADC_746_2ch/TouchGFX/gui/src/model/Model.cpp:68:7:float Model::calcMilliAh()	32	static
C:/TouchGFXProjects/ADC_746_2ch/TouchGFX/gui/src/model/Model.cpp:103:6:void formatMahValue(float, char*, size_t)	32	static
C:/TouchGFXProjects/ADC_746_2ch/TouchGFX/gui/src/model/Model.cpp:113:6:void Model::writeToSDCard(char*)	16	static
C:/TouchGFXProjects/ADC_746_2ch/TouchGFX/gui/src/model/Model.cpp:167:6:void Model::readFromSDCard()	16	static
C:/TouchGFXProjects/ADC_746_2ch/TouchGFX/gui/src/model/Model.cpp:174:6:void Model::tick()	24	static
C:/TouchGFXProjects/ADC_746_2ch/TouchGFX/gui/src/model/Model.cpp:305:1:cpp)	0	static
C:/TouchGFXProjects/ADC_746_2ch/TouchGFX/gui/src/model/Model.cpp:305:1:cpp)	0	static
